Header

| Name | Category | Date |
| ---- | -------- | ---- |
| [How to add a CSS border](https://github.com/user/repository/blob/master/css/how-to-add-a-border.md) | css | 27/09/2020 |
| [How to make a div](https://github.com/user/repository/blob/master/html/how-to-make-a-div.md) | html | 27/09/2020 |
| [how to blow up a k8s cluster](https://github.com/user/repository/blob/master/k8s/how-to-blow-up-a-cluster.md) | k8s | 27/09/2020 |
| [How to create a k8s service](https://github.com/user/repository/blob/master/k8s/how-to-create-a-service.md) | k8s | 27/09/2020 |
| [how to stand on your head](https://github.com/user/repository/blob/master/k8s/how-to-stand-on-your-head.md) | k8s | 27/09/2020 |
